#-----------------------------------------------------------
# Vivado v2024.2 (64-bit)
# SW Build 5239630 on Fri Nov 08 22:35:27 MST 2024
# IP Build 5239520 on Sun Nov 10 16:12:51 MST 2024
# SharedData Build 5239561 on Fri Nov 08 14:39:27 MST 2024
# Start of session at: Thu Mar 20 15:09:56 2025
# Process ID         : 21404
# Current directory  : C:/Users/Dell/RISC_CPU/Memory
# Command line       : vivado.exe -gui_launcher_event rodinguilauncherevent12436 C:\Users\Dell\RISC_CPU\Memory\Memory.xpr
# Log file           : C:/Users/Dell/RISC_CPU/Memory/vivado.log
# Journal file       : C:/Users/Dell/RISC_CPU/Memory\vivado.jou
# Running On         : DESKTOP-FEGLDB1
# Platform           : Windows Server 2016 or Windows 10
# Operating System   : 22631
# Processor Detail   : 13th Gen Intel(R) Core(TM) i7-13650HX
# CPU Frequency      : 2803 MHz
# CPU Physical cores : 14
# CPU Logical cores  : 20
# Host memory        : 16849 MB
# Swap memory        : 6442 MB
# Total Virtual      : 23291 MB
# Available Virtual  : 7302 MB
#-----------------------------------------------------------
start_gui
open_project C:/Users/Dell/RISC_CPU/Memory/Memory.xpr
INFO: [filemgmt 56-3] Default IP Output Path : Could not find the directory 'C:/Users/Dell/RISC_CPU/Memory/Memory.gen/sources_1'.
CRITICAL WARNING: [Project 1-19] Could not find the file 'C:/Users/Dell/RISC_CPU/Memory/Memory.srcs/utils_1/imports/synth_1/Memory.dcp'.
WARNING: [Project 1-865] Could not find the file C:/Users/Dell/RISC_CPU/Memory/Memory.srcs/utils_1/imports/synth_1/Memory.dcp
Scanning sources...
Finished scanning sources
INFO: [IP_Flow 19-234] Refreshing IP repositories
INFO: [IP_Flow 19-1704] No user IP repositories specified
INFO: [IP_Flow 19-2313] Loaded Vivado IP repository 'E:/Vivado/2024.2/data/ip'.
update_compile_order -fileset sources_1
WARNING: [filemgmt 56-199] Attempt to get parsing info during refresh. "On-the-fly" syntax checking information may be incorrect. [C:\Users\Dell\RISC_CPU\Memory\Memory.srcs\sim_1\new\tb_Memory.v:]
WARNING: [filemgmt 56-199] Attempt to get parsing info during refresh. "On-the-fly" syntax checking information may be incorrect. [C:\Users\Dell\RISC_CPU\Memory\Memory.srcs\sources_1\new\Memory.v:]
WARNING: [filemgmt 56-199] Attempt to get parsing info during refresh. "On-the-fly" syntax checking information may be incorrect. [C:\Users\Dell\RISC_CPU\Memory\Memory.srcs\sim_1\new\tb_Memory.v:]
WARNING: [filemgmt 56-199] Attempt to get parsing info during refresh. "On-the-fly" syntax checking information may be incorrect. [C:\Users\Dell\RISC_CPU\Memory\Memory.srcs\sim_1\new\tb_Memory.v:]
ERROR: [Common 17-180] Spawn failed: No error
launch_runs synth_1 -jobs 20
ERROR: [Vivado 12-3280] Incremental checkpoint file 'C:/Users/Dell/RISC_CPU/Memory/Memory.srcs/utils_1/imports/synth_1/Memory.dcp' set on run 'synth_1' does not exist.
